<div style="font-family:verdana; font-size:10px">
<h3> Identidades trigonométricas  </h3>

El archivo se debe llamar <strong> identidades.py</strong>

Construye las funciones:

La función <strong> cosecante (grados)  </strong>  un ángulo en grados (entero) y regresa la cosecante de dicho ángulo (real o con punto decimal). 

Casos de prueba:
Input: Número de opción (1. Cosecante) (entero)
Input: Valor del ángulo en grados (entero)
Output: El resultado de la cosecante (real con un decimal) 
>>> 1
>>> 90
1.0

La función <strong> secante (grados)  </strong>  un ángulo en grados (entero) y regresa la secante de dicho ángulo (real o con punto decimal). 

Casos de prueba:
Input: Número de opción (2. Secante) (entero)
Input: Valor del ángulo en grados (entero)
Output: El resultado de la secante (real con un decimal) 
>>> 2
>>> 180
-1.0

La función <strong> identidades() </strong> que despliegue el siguiente menú en pantalla:
1. Cosecante
2. Secante
3. Salir

Casos de prueba:
Input: Número de opción (3. Salir) (entero)
Output: Mensaje "Adios" 

>>> 3
Adios

Casos de prueba:
Input: Número de opción (Opción inválida) (entero)
Output: Mensaje "Opcion_invalida" 

>>> -4
Opcion_invalida

La función <strong> main() </strong> que utilice la función identidades y de acuerdo a la opción seleccionada por el usuario mande llamar a la función correspondiente para calcular la superficie elegida. Utiliza el estatuto de control if. Recuerda que la captura de datos debe ser realizada en la sección del main. Valida opciones incorrectas. En el script principal manda llamar a la función main.

NOTA IMPORTANTE: Tu programa no debe incluir ningún mensaje para pedir los datos y no debe incluir ningún mensaje diferente de lo que se te pide como salida. 

El archivo se debe llamar <strong> identidades.py</strong>
</div>

import math

def gradosRadianes(grados):
    return (math.pi*grados)/180

def cosecante(grados):
    radianes = gradosRadianes(grados)
    return 1/math.sin(radianes)

def secante(grados):
    radianes = gradosRadianes(grados)
    return 1/math.cos(radianes)

def identidades():
    print("1.Cosecante")
    print("2.Secante")
    print("3.Salir")
    
def main():
    #identidades()
    opcion = int(input())
    if opcion == 1:
        grados = float(input())
        resultado = cosecante(grados)
        print("%.1f" % resultado)
    elif opcion == 2:
        grados = float(input())
        resultado = secante(grados)
        print("%.1f" % resultado)
    elif opcion == 3:
        print("Adios")
    else:
        print("Opcion_invalida")
        
main() 

import math

def gradosRadianes(grados):
    return (math.pi*grados)/180

def cosecante(grados):
    radianes = gradosRadianes(grados)
    return 1/math.sin(radianes)

def secante(grados):
    radianes = gradosRadianes(grados)
    return 1/math.cos(radianes)

def identidades():
    print("1.Cosecante")
    print("2.Secante")
    print("3.Salir")
    
def main():
    #identidades()
    opcion = int(input())
    if opcion == 1:
        grados = float(input())
        resultado = cosecante(grados)
        print("%.1f" % resultado)
    elif opcion == 2:
        grados = float(input())
        resultado = secante(grados)
        print("%.1f" % resultado)
    elif opcion == 3:
        print("Adios")
    else:
        print("Opcion_invalida")
        
main() 