<div style="font-family:verdana; font-size:10px">
<h3> Ciclo While  </h3>

Implementa las siguientes funciones, recuerda que las funciones se definen antes de la codificación del script principal. 

El archivo se debe llamar <strong>ciclow.py</strong>

La función <strong> f1(n) </strong> que recibe un valor entero mayor o igual a uno y regresa el resultado de la siguiente sumatoria:

Casos de prueba: 
Input: Número de opción (1. Función 1) 
Input: Valor de n (entero) 
Output: Resultado de la sumatoria (entero) 

>>> 1
>>> 2
4 

La función <strong> f2(n) </strong> que recibe un valor entero mayor o igual a uno y regresa el resultado de la siguiente serie:           

f2(n) = 40 - 41 + 42 - 43 ....            

Casos de prueba: 
Input: Número de opción (2. Función 2) 
Input: Valor de n (entero) 
Output: Resultado de la sumatoria (entero) 

>>> 2
>>> 2
-1 

La función <strong> f3(n) </strong>  que recibe un valor entero mayor o igual a uno y regresa el resultado de la siguiente serie:

f3(N) = 3 * 6 * 9 *...* 3N

Casos de prueba: 
Input: Número de opción (3. Función 3) 
Input: Valor de n (entero) 
Output: Resultado de la multiplicatoria (entero) 

>>> 3
>>> 2
18 

La función <strong> f4(n) </strong>  que recibe un valor entero mayor o igual a uno y regresa el resultado de la siguiente sumatoria:  

Casos de prueba: 
Input: Número de opción (4. Función 4) 
Input: Valor de n (entero) 
Output: Resultado de la sumatoria (real con dos decimales) 

>>> 4
>>> 2
3.50 

La función <strong> multiplicacion(num1, num2) </strong> que recibe dos números enteros positivos num1 y num2 y calcula la multiplicación de num1 por num2, utilizando el ciclo while y la operación suma. 

Casos de prueba: 
Input: Número de opción (5. Multplicación) 
Input: Valor del número 1 (entero) 
Input: Valor del número 2 (entero) 
Output: Resultado de la multiplicación (entero) 

>>> 5
>>> 3
>>> 4
12 

La función <strong> menu() </strong>  que despliegue el siguiente menú en pantalla: 

1. Funcion 1 
2. Funcion 2 
3. Funcion 3 
4. Funcion 4 
5. Multiplicacion
6. Salir

Casos de prueba:
Input: Número de opción (6. Salir)
Output: Mensaje "Adios" 

>>> 6
Adios

Casos de prueba:
Input: Número de opción (Opción inválida)
Output: Mensaje "Opcion_invalida" 

>>> -5
Opcion_invalida

La función <strong> main() </strong> que utilice la función menu para desplegar el menú correspondiente y de acuerdo a la opción seleccionada por el usuario le dé la oportunidad de ejecutar cualquiera de las funciones que han sido construidas. Utiliza el estatuto de control if anidado. Recuerda que la captura de datos debe ser realizada en la sección del main.  En el script principal manda llamar a la función main.

NOTA IMPORTANTE: Tu programa no debe incluir ningún mensaje para pedir los datos y no debe incluir ningún mensaje diferente de lo que se te pide como salida. 

El archivo se debe llamar <strong>ciclow.py</strong>
</div>