<div style="font-family:verdana; font-size:10px">
<h3> Ciclo While  </h3>

Implementa las siguientes funciones, recuerda que las funciones se definen antes de la codificación del script principal. 

El archivo se debe llamar <strong>ciclos2.py</strong>

La función <strong> f1 (n) </strong> que recibe un valor entero mayor o igual a uno y regresa el resultado de la siguiente sumatoria:
 
Por ejemplo: 
f1(3) = 3(1) + 3(2) + 3(3) = 18
f1(4) = 3(1) + 3(2) + 3(3) + 3(4) = 30 

Casos de prueba: 
Input: Número de opción (1. Función 1) 
Input: Valor de n (entero) 
Output: Resultado de la sumatoria (entero) 

>>> 1
>>> 3
18 

La función <strong> f2 (n) </strong> que recibe un valor entero mayor o igual a uno y regresa el resultado de la siguiente serie:           
f2(n) = 21 - 22 + 23 - 24 + 25....            

Por ejemplo: 
f2(2) = 21 - 22 = - 1           
f2(3) = 21 - 22 + 23 = 22 

Casos de prueba: 
Input: Número de opción (2. Función 2) 
Input: Valor de n (entero) 
Output: Resultado de la sumatoria (entero) 

>>> 2
>>> 2
-1 

La función <strong> f3 (n) </strong> que recibe un valor entero mayor o igual a uno y regresa el resultado de la siguiente serie:

f3(N) = 5 * 10 * 15 *...* 5N

Por ejemplo: 
f3(2) = 5(1) * 5(2) = 50
f3(3) = 5(1) * 5(2) * 5(3) = 750

Casos de prueba: 
Input: Número de opción (3. Función 3) 
Input: Valor de n (entero) 
Output: Resultado de la multiplicatoria (entero) 

>>> 3
>>> 2
50 

La función <strong> f4 (n) </strong>vque recibe un valor entero mayor o igual a uno y regresa el resultado de la siguiente sumatoria:  

Casos de prueba: 
Input: Número de opción (4. Función 4) 
Input: Valor de n (entero) 
Output: Resultado de la sumatoria (real con dos decimales) 

>>> 4
>>> 2
6.00 

La función <strong> multiplicacion (num1, num2) </strong> que recibe dos números enteros positivos num1 y num2 y calcula la multiplicación de num1 por num2, utilizando el ciclo while y la operación suma. 

Ejemplo: 
multiplicacion (3, 4) =12         
4 + 4 + 4 = 12   ó        
3 + 3 + 3 + 3 = 12 
 
Casos de prueba: 
Input: Número de opción (5. Multplicación) 
Input: Valor del número 1 (entero) 
Input: Valor del número 2 (entero) 
Output: Resultado de la multiplicación (entero) 

>>> 5
>>> 3
>>> 4
12 

La función <strong> menu () </strong> que despliegue el siguiente menú en pantalla: 
1. Funcion 1 
2. Funcion 2 
3. Funcion 3 
4. Funcion 4 
5. Multiplicacion
6. Salir

Casos de prueba:
Input: Número de opción (6. Salir)
Output: Mensaje "Adios" 

>>> 6
Adios

Casos de prueba:
Input: Número de opción (Opción inválida)
Output: Mensaje "Opcion_invalida" 

>>> -5
Opcion_invalida

La función <strong> main() </strong> que utilice la función menu para desplegar el menú correspondiente y de acuerdo a la opción seleccionada por el usuario le dé la oportunidad de ejecutar cualquiera de las funciones que han sido construidas. Utiliza el estatuto de control if anidado. Recuerda que la captura de datos debe ser realizada en la sección del main.  En el script principal manda llamar a la función main.

NOTA IMPORTANTE: Tu programa no debe incluir ningún mensaje para pedir los datos y no debe incluir ningún mensaje diferente de lo que se te pide como salida. 

El archivo se debe llamar <strong>ciclos2.py</strong>
</div>

import math

def f1(n):
    k = 1
    acum = 0
    while k <= n:
        acum = acum + (3*k)
        k = k + 1
    return acum

def f2(n):
    i = 1
    acum = 0
    num = 21
    signo = 1
    while i <= n:
        acum = acum + num*signo
        signo = signo * -1
        num = num + 1
        i = i + 1
    return acum

def f3(n):
    i = 1
    acum = 1
    while i <= n:
        acum = acum * 5*i
        i = i + 1
    return acum

def f4(n):
    i = 1
    acum = 0
    while i <= n:
        acum = acum + (1/3*i**3) + i
        i = i + 1
    return acum

def multiplicacion(n1, n2):
    cont = 1
    acum = 0
    while cont <= n1:
        acum = acum + n2
        cont = cont + 1
    return acum

def menu():
    print("1. Función 1")
    print("2. Función 2")
    print("3. Función 3")
    print("4. Función 4")
    print("5. Multiplicación")
    print("6. Salir")

def main():
    opcion = int(input())
    if opcion == 1:
        n = int(input())
        res = f1(n)
        print(res)
    elif opcion == 2:
        n = int(input())
        res = f2(n)
        print(res)
    elif opcion == 3:
        n = int(input())
        res = f3(n)
        print(res)
    elif opcion == 4:
        n = int(input())
        res = f4(n)
        print("%.2f" % res)
    elif opcion == 5:
        n1 = int(input())
        n2 = int(input())
        res = multiplicacion(n1, n2)
        print(res)
    elif opcion == 6:
        print("Adios")
    else:
        print("Opcion_invalida")

main()